TOP.6a821a7c.000e86ce	START
TOP.6a821a7c.000e86ce	folder_config->cwd	C:\Users\XPATHER\Desktop\BurpSuite Academy\jwt-attacks\hashcat-7.1.2
TOP.6a821a7c.000e86ce	folder_config->install_dir	.
TOP.6a821a7c.000e86ce	folder_config->profile_dir	.
TOP.6a821a7c.000e86ce	folder_config->session_dir	.
TOP.6a821a7c.000e86ce	folder_config->shared_dir	.
TOP.6a821a7c.000e86ce	user_options->encoding_from	utf-8
TOP.6a821a7c.000e86ce	user_options->encoding_to	utf-8
TOP.6a821a7c.000e86ce	user_options->rule_buf_l	:
TOP.6a821a7c.000e86ce	user_options->rule_buf_r	:
TOP.6a821a7c.000e86ce	user_options->session	hashcat
TOP.6a821a7c.000e86ce	user_options->separator	:
TOP.6a821a7c.000e86ce	user_options->limit	0
TOP.6a821a7c.000e86ce	user_options->skip	0
TOP.6a821a7c.000e86ce	user_options->attack_mode	0
TOP.6a821a7c.000e86ce	user_options->backend_devices_virtmulti	1
TOP.6a821a7c.000e86ce	user_options->backend_devices_virthost	1
TOP.6a821a7c.000e86ce	user_options->backend_devices_keepfree	0
TOP.6a821a7c.000e86ce	user_options->benchmark	0
TOP.6a821a7c.000e86ce	user_options->benchmark_all	0
TOP.6a821a7c.000e86ce	user_options->benchmark_max	99999
TOP.6a821a7c.000e86ce	user_options->benchmark_min	0
TOP.6a821a7c.000e86ce	user_options->bitmap_max	18
TOP.6a821a7c.000e86ce	user_options->bitmap_min	16
TOP.6a821a7c.000e86ce	user_options->debug_mode	0
TOP.6a821a7c.000e86ce	user_options->dynamic_x	0
TOP.6a821a7c.000e86ce	user_options->hash_info	0
TOP.6a821a7c.000e86ce	user_options->force	0
TOP.6a821a7c.000e86ce	user_options->hwmon	1
TOP.6a821a7c.000e86ce	user_options->hwmon_temp_abort	90
TOP.6a821a7c.000e86ce	user_options->hash_mode	16500
TOP.6a821a7c.000e86ce	user_options->hex_charset	0
TOP.6a821a7c.000e86ce	user_options->hex_salt	0
TOP.6a821a7c.000e86ce	user_options->hex_wordlist	0
TOP.6a821a7c.000e86ce	user_options->hook_threads	6
TOP.6a821a7c.000e86ce	user_options->identify	0
TOP.6a821a7c.000e86ce	user_options->increment	0
TOP.6a821a7c.000e86ce	user_options->increment_max	256
TOP.6a821a7c.000e86ce	user_options->increment_min	1
TOP.6a821a7c.000e86ce	user_options->keep_guessing	0
TOP.6a821a7c.000e86ce	user_options->kernel_accel	0
TOP.6a821a7c.000e86ce	user_options->kernel_loops	0
TOP.6a821a7c.000e86ce	user_options->kernel_threads	0
TOP.6a821a7c.000e86ce	user_options->keyspace	0
TOP.6a821a7c.000e86ce	user_options->total_candidates	0
TOP.6a821a7c.000e86ce	user_options->left	0
TOP.6a821a7c.000e86ce	user_options->logfile	1
TOP.6a821a7c.000e86ce	user_options->loopback	0
TOP.6a821a7c.000e86ce	user_options->machine_readable	0
TOP.6a821a7c.000e86ce	user_options->markov_classic	0
TOP.6a821a7c.000e86ce	user_options->markov	1
TOP.6a821a7c.000e86ce	user_options->markov_inverse	0
TOP.6a821a7c.000e86ce	user_options->markov_threshold	256
TOP.6a821a7c.000e86ce	user_options->metal_compiler_runtime	120
TOP.6a821a7c.000e86ce	user_options->multiply_accel	1
TOP.6a821a7c.000e86ce	user_options->backend_info	0
TOP.6a821a7c.000e86ce	user_options->backend_vector_width	0
TOP.6a821a7c.000e86ce	user_options->optimized_kernel	0
TOP.6a821a7c.000e86ce	user_options->outfile_autohex	1
TOP.6a821a7c.000e86ce	user_options->outfile_check_timer	5
TOP.6a821a7c.000e86ce	user_options->outfile_format	3
TOP.6a821a7c.000e86ce	user_options->outfile_json	0
TOP.6a821a7c.000e86ce	user_options->wordlist_autohex	1
TOP.6a821a7c.000e86ce	user_options->potfile	1
TOP.6a821a7c.000e86ce	user_options->progress_only	0
TOP.6a821a7c.000e86ce	user_options->quiet	0
TOP.6a821a7c.000e86ce	user_options->remove	0
TOP.6a821a7c.000e86ce	user_options->remove_timer	60
TOP.6a821a7c.000e86ce	user_options->restore	0
TOP.6a821a7c.000e86ce	user_options->restore_enable	1
TOP.6a821a7c.000e86ce	user_options->restore_timer	1
TOP.6a821a7c.000e86ce	user_options->rp_files_cnt	0
TOP.6a821a7c.000e86ce	user_options->rp_gen	0
TOP.6a821a7c.000e86ce	user_options->rp_gen_func_max	4
TOP.6a821a7c.000e86ce	user_options->rp_gen_func_min	1
TOP.6a821a7c.000e86ce	user_options->rp_gen_seed	0
TOP.6a821a7c.000e86ce	user_options->runtime	0
TOP.6a821a7c.000e86ce	user_options->scrypt_tmto	0
TOP.6a821a7c.000e86ce	user_options->segment_size	33554432
TOP.6a821a7c.000e86ce	user_options->self_test	1
TOP.6a821a7c.000e86ce	user_options->slow_candidates	0
TOP.6a821a7c.000e86ce	user_options->show	0
TOP.6a821a7c.000e86ce	user_options->speed_only	0
TOP.6a821a7c.000e86ce	user_options->spin_damp	0
TOP.6a821a7c.000e86ce	user_options->status	0
TOP.6a821a7c.000e86ce	user_options->status_json	0
TOP.6a821a7c.000e86ce	user_options->status_timer	10
TOP.6a821a7c.000e86ce	user_options->stdout_flag	0
TOP.6a821a7c.000e86ce	user_options->usage	0
TOP.6a821a7c.000e86ce	user_options->username	0
TOP.6a821a7c.000e86ce	user_options->veracrypt_pim_start	485
TOP.6a821a7c.000e86ce	user_options->veracrypt_pim_stop	485
TOP.6a821a7c.000e86ce	user_options->version	0
TOP.6a821a7c.000e86ce	user_options->workload_profile	2
TOP.6a821a7c.000e86ce	user_options->brain_client	0
TOP.6a821a7c.000e86ce	user_options->brain_client_features	2
TOP.6a821a7c.000e86ce	user_options->brain_server	0
TOP.6a821a7c.000e86ce	user_options->brain_server_timer	300
TOP.6a821a7c.000e86ce	user_options->brain_port	6863
TOP.6a821a7c.000e86ce	user_options->brain_session	0
TOP.6a821a7c.000e86ce	hashes->hashlist_mode	2
TOP.6a821a7c.000e86ce	hashes->hashlist_format	0
TOP.6a821a7c.000e86ce	hashes->hashes_cnt	0
TOP.6a821a7c.000e86ce	hashes->digests_cnt	1
TOP.6a821a7c.000e86ce	hashes->digests_done_pot	0
TOP.6a821a7c.000e86ce	hashes->digests_done_zero	0
TOP.6a821a7c.000e86ce	hashes->digests_done	0
TOP.6a821a7c.000e86ce	hashes->salts_cnt	1
TOP.6a821a7c.000e86ce	hashes->salts_done	0
TOP.6a821a7c.000e86ce	SUB.6a821a91.0003a05a	START
TOP.6a821a7c.000e86ce	SUB.6a821a91.0003a05a	straight_ctx->dict	C:\Users\XPATHER\Desktop\BurpSuite Academy\jwt-attacks\jwt.secrets.list
TOP.6a821a7c.000e86ce	SUB.6a821a91.0003a05a	runtime_start	1786911377
TOP.6a821a7c.000e86ce	SUB.6a821a91.0003a05a	runtime_stop	1786911377
TOP.6a821a7c.000e86ce	SUB.6a821a91.0003a05a	hashes->digests_done_new	1
TOP.6a821a7c.000e86ce	SUB.6a821a91.0003a05a	status-after-work	6
TOP.6a821a7c.000e86ce	SUB.6a821a91.0003a05a	STOP
TOP.6a821a7c.000e86ce	proc_start	1786911356
TOP.6a821a7c.000e86ce	proc_stop	1786911378
TOP.6a821a7c.000e86ce	STOP
